 KPT            1  SPIN            1  KWEIGHT    1.00000000000000     
     1   -23.102  2.00000
     2   -11.275  2.00000
     3    -8.538  2.00000
     4    -7.053  2.00000
     5    10.865  0.00000
     6    15.197  0.00000
 
